exports[`_addMark creates a add-mark action 1`] = `
Object {
  "payload": Object {
    "mark": "O",
    "pos": 1,
  },
  "type": "game:add:mark",
}
`;

exports[`_addMark creates a add-mark action 2`] = `
Object {
  "payload": Object {
    "mark": "X",
    "pos": 0,
  },
  "type": "game:add:mark",
}
`;

exports[`_addMark creates a add-mark action 3`] = `
Object {
  "payload": Object {
    "mark": "âœ“",
    "pos": 5,
  },
  "type": "game:add:mark",
}
`;

exports[`finishGame creates a finish-game action 1`] = `
Object {
  "payload": "O",
  "type": "game:set:over",
}
`;

exports[`finishGame creates a finish-game action 2`] = `
Object {
  "payload": "X",
  "type": "game:set:over",
}
`;

exports[`finishGame creates a finish-game action 3`] = `
Object {
  "payload": null,
  "type": "game:set:over",
}
`;

exports[`startGame creates a start-game action 1`] = `
Object {
  "type": "game:set:started",
}
`;
